Microchip MPLAB XC8 Compiler V1.35 ()

Linker command line:

--edf=C:\Program Files (x86)\Microchip\xc8\v1.35\dat\en_msgs.txt -cs \
  -h+dist/default/production\IC_2016.X.production.sym \
  --cmf=dist/default/production\IC_2016.X.production.cmf -z -Q18F4550 \
  -oC:\Users\Nathan\AppData\Local\Temp\s6ko.2 \
  -Mdist/default/production/IC_2016.X.production.map -E1 -ver=XC8 \
  -ASTACK=060h-07ffh -pstack=STACK -ACODE=00h-07FFFh -ACONST=00h-07FFFh \
  -ASMALLCONST=0800h-08FFhx120 -AMEDIUMCONST=0800h-07FFFh -ACOMRAM=01h-05Fh \
  -AABS1=00h-07FFh -ABIGRAM=01h-07FFh -ARAM=060h-0FFh,0100h-01FFhx7 \
  -ABANK0=060h-0FFh -ABANK1=0100h-01FFh -ABANK2=0200h-02FFh \
  -ABANK3=0300h-03FFh -ABANK4=0400h-04FFh -ABANK5=0500h-05FFh \
  -ABANK6=0600h-06FFh -ABANK7=0700h-07FFh -ASFR=0F60h-0FFFh \
  -preset_vec=00h,intcode=08h,intcodelo,powerup,init,end_init \
  -pramtop=0800h -psmallconst=SMALLCONST -pmediumconst=MEDIUMCONST \
  -pconst=CONST -AFARRAM=00h-00h -ACONFIG=0300000h-030000Dh -pconfig=CONFIG \
  -AIDLOC=0200000h-0200007h -pidloc=IDLOC -AEEDATA=0F00000h-0F000FFh \
  -peeprom_data=EEDATA \
  -prdata=COMRAM,nvrram=COMRAM,nvbit=COMRAM,rbss=COMRAM,rbit=COMRAM \
  -pfarbss=FARRAM,fardata=FARRAM,nvFARRAM=FARRAM \
  -pintsave_regs=BIGRAM,bigbss=BIGRAM,bigdata=BIGRAM -pbss=RAM \
  -pidata=CODE,irdata=CODE,ibigdata=CODE,ifardata=CODE -prparam=COMRAM \
  C:\Users\Nathan\AppData\Local\Temp\s6ko.obj \
  dist/default/production\IC_2016.X.production.obj 

Object code version is 3.11

Machine type is 18F4550

Call graph: (short form)




                Name                               Link     Load   Length Selector   Space Scale
C:\Users\Nathan\AppData\Local\Temp\s6ko.obj
                end_init                             16       16        4        4       0
                reset_vec                             0        0        4        0       0
                idloc                            200000   200000        8   200000       0
                config                           300000   300000        E   300000       0
dist/default/production\IC_2016.X.production.obj
                intcode                               8        8        E        4       0
                temp                                 49       49        1        1       1
                intcode_body                        1F4      1F4       D2        4       0
                text17                              50E      50E       22        4       0
                text16                              530      530       1C        4       0
                text15                              5CE      5CE        A        4       0
                text14                              566      566       18        4       0
                text13                              54C      54C       1A        4       0
                text12                              5A0      5A0        E        4       0
                text11                              5AE      5AE        C        4       0
                text10                              2C6      2C6       AE        4       0
                text9                               10E      10E       E6        4       0
                text8                                1A       1A       F4        4       0
                text7                               4EA      4EA       24        4       0
                text6                               470      470       42        4       0
                text5                               57E      57E       12        4       0
                text4                               5C4      5C4        A        4       0
                text3                               5BA      5BA        A        4       0
                text2                               590      590       10        4       0
                text1                               404      404       6C        4       0
                text0                               374      374       90        4       0
                cstackCOMRAM                          1        1       3B        1       1
                dataCOMRAM                           43       43        4        1       1
                bssCOMRAM                            3C       3C        6        1       1
                bitbssCOMRAM                        210       42        5        1       1     8
                cinit                               4B2      4B2       38        4       0
                nvCOMRAM                             47       47        2        1       1
                idataCOMRAM                         5D8      5D8        4        4       0

TOTAL           Name                               Link     Load   Length     Space
        CLASS   STACK          

        CLASS   CODE           
                end_init                             16       16        4         0
                intcode                               8        8        E         0
                reset_vec                             0        0        4         0
                intcode_body                        1F4      1F4       D2         0
                text17                              50E      50E       22         0
                text16                              530      530       1C         0
                text15                              5CE      5CE        A         0
                text14                              566      566       18         0
                text13                              54C      54C       1A         0
                text12                              5A0      5A0        E         0
                text11                              5AE      5AE        C         0
                text10                              2C6      2C6       AE         0
                text9                               10E      10E       E6         0
                text8                                1A       1A       F4         0
                text7                               4EA      4EA       24         0
                text6                               470      470       42         0
                text5                               57E      57E       12         0
                text4                               5C4      5C4        A         0
                text3                               5BA      5BA        A         0
                text2                               590      590       10         0
                text1                               404      404       6C         0
                text0                               374      374       90         0
                cinit                               4B2      4B2       38         0
                idataCOMRAM                         5D8      5D8        4         0

        CLASS   CONST          

        CLASS   SMALLCONST     

        CLASS   MEDIUMCONST    

        CLASS   COMRAM         
                temp                                 49       49        1         1
                cstackCOMRAM                          1        1       3B         1
                dataCOMRAM                           43       43        4         1
                bssCOMRAM                            3C       3C        6         1
                bitbssCOMRAM                        210       42        5         1
                nvCOMRAM                             47       47        2         1

        CLASS   ABS1           

        CLASS   BIGRAM         

        CLASS   RAM            

        CLASS   BANK0          

        CLASS   BANK1          

        CLASS   BANK2          

        CLASS   BANK3          

        CLASS   BANK4          

        CLASS   BANK5          

        CLASS   BANK6          

        CLASS   BANK7          

        CLASS   SFR            

        CLASS   FARRAM         

        CLASS   CONFIG         
                config                           300000   300000        E         0

        CLASS   IDLOC          
                idloc                            200000   200000        8         0

        CLASS   EEDATA         



SEGMENTS        Name                           Load    Length   Top    Selector   Space  Class

                reset_vec                      000000  000004  000004         0       0  CODE    
                cstackCOMRAM                   000001  000049  00004A         1       1  COMRAM  
                intcode                        000008  0005D4  0005DC         4       0  CODE    
                idloc                          200000  000008  200008    200000       0  IDLOC   
                config                         300000  00000E  30000E    300000       0  CONFIG  


UNUSED ADDRESS RANGES

        Name                Unused          Largest block    Delta
        BANK0            000060-0000FF               A0
        BANK1            000100-0001FF              100
        BANK2            000200-0002FF              100
        BANK3            000300-0003FF              100
        BANK4            000400-0004FF              100
        BANK5            000500-0005FF              100
        BANK6            000600-0006FF              100
        BANK7            000700-0007FF              100
        BIGRAM           00004A-0007FF              7B6
        CODE             000004-000007                4
                         0005DC-007FFF             7A24
        COMRAM           00004A-00005F               16
        CONST            000004-000007                4
                         0005DC-007FFF             7A24
        EEDATA           F00000-F000FF              100
        MEDIUMCONST      000800-007FFF             7800
        RAM              000060-0007FF              100
        SFR              000F60-000FFF               A0
        SMALLCONST       000800-007FFF              100
        STACK            000060-0007FF              7A0

                                  Symbol Table

?___ftdiv                       cstackCOMRAM 00001B
?___ftpack                      cstackCOMRAM 000010
?___fttol                       cstackCOMRAM 00002A
?___lwtoft                      cstackCOMRAM 000018
I2C_Write_Byte@Byte             cstackCOMRAM 000010
_ADCON0bits                     (abs)        000FC2
_ADCON1bits                     (abs)        000FC1
_ADCON2bits                     (abs)        000FC0
_ADFM                           (abs)        007E07
_BRG16                          (abs)        007DC3
_BRGH                           (abs)        007D62
_CREN                           (abs)        007D5C
_FERR                           (abs)        007D5A
_GIE                            (abs)        007F97
_I2C_Idle                       text5        00057E
_I2C_Start                      text4        0005C4
_I2C_Stop                       text3        0005BA
_I2C_Write_Byte                 text2        000590
_INTCONbits                     (abs)        000FF2
_InitI2C_Master                 text17       00050E
_OERR                           (abs)        007D59
_PEIE                           (abs)        007F96
_PIE1bits                       (abs)        000F9D
_PIR1bits                       (abs)        000F9E
_PORTBbits                      (abs)        000F81
_PORTCbits                      (abs)        000F82
_PORTD                          (abs)        000F83
_PORTEbits                      (abs)        000F84
_RCIE                           (abs)        007CED
_RCIF                           (abs)        007CF5
_RCREG                          (abs)        000FAE
_RX9                            (abs)        007D5E
_RXDTP                          (abs)        007DC5
_SPBRG                          (abs)        000FAF
_SPEN                           (abs)        007D5F
_SSPADD                         (abs)        000FC8
_SSPBUF                         (abs)        000FC9
_SSPCON1                        (abs)        000FC6
_SSPCON1bits                    (abs)        000FC6
_SSPCON2                        (abs)        000FC5
_SSPCON2bits                    (abs)        000FC5
_SSPIF                          (abs)        007CF3
_SSPSTAT                        (abs)        000FC7
_SSPSTATbits                    (abs)        000FC7
_SYNC                           (abs)        007D64
_T0CONbits                      (abs)        000FD5
_TMR0IP                         (abs)        007F8A
_TRISBbits                      (abs)        000F93
_TRISCbits                      (abs)        000F94
_TRISD                          (abs)        000F95
_TRISEbits                      (abs)        000F96
_TX9                            (abs)        007D66
_TXEN                           (abs)        007D65
_TXIE                           (abs)        007CEC
_TXIF                           (abs)        007CF4
_TXREG                          (abs)        000FAD
_Timer0_SecondsInACycle         dataCOMRAM   000043
__CFG_BOR$OFF                   (abs)        000000
__CFG_BORV$3                    (abs)        000000
__CFG_CCP2MX$OFF                (abs)        000000
__CFG_CP0$OFF                   (abs)        000000
__CFG_CP1$OFF                   (abs)        000000
__CFG_CP2$OFF                   (abs)        000000
__CFG_CP3$OFF                   (abs)        000000
__CFG_CPB$OFF                   (abs)        000000
__CFG_CPD$OFF                   (abs)        000000
__CFG_CPUDIV$OSC1_PLL2          (abs)        000000
__CFG_EBTR0$OFF                 (abs)        000000
__CFG_EBTR1$OFF                 (abs)        000000
__CFG_EBTR2$OFF                 (abs)        000000
__CFG_EBTR3$OFF                 (abs)        000000
__CFG_EBTRB$OFF                 (abs)        000000
__CFG_FCMEN$OFF                 (abs)        000000
__CFG_FOSC$HS                   (abs)        000000
__CFG_ICPRT$OFF                 (abs)        000000
__CFG_IESO$OFF                  (abs)        000000
__CFG_LPT1OSC$OFF               (abs)        000000
__CFG_LVP$OFF                   (abs)        000000
__CFG_MCLRE$ON                  (abs)        000000
__CFG_PBADEN$OFF                (abs)        000000
__CFG_PLLDIV$1                  (abs)        000000
__CFG_PWRT$OFF                  (abs)        000000
__CFG_STVREN$OFF                (abs)        000000
__CFG_USBDIV$1                  (abs)        000000
__CFG_VREGEN$OFF                (abs)        000000
__CFG_WDT$OFF                   (abs)        000000
__CFG_WDTPS$32768               (abs)        000000
__CFG_WRT0$OFF                  (abs)        000000
__CFG_WRT1$OFF                  (abs)        000000
__CFG_WRT2$OFF                  (abs)        000000
__CFG_WRT3$OFF                  (abs)        000000
__CFG_WRTB$OFF                  (abs)        000000
__CFG_WRTC$OFF                  (abs)        000000
__CFG_WRTD$OFF                  (abs)        000000
__CFG_XINST$OFF                 (abs)        000000
__HRAM                          (abs)        000000
__Habs1                         abs1         000000
__Hbank0                        bank0        000000
__Hbank1                        bank1        000000
__Hbank2                        bank2        000000
__Hbank3                        bank3        000000
__Hbank4                        bank4        000000
__Hbank5                        bank5        000000
__Hbank6                        bank6        000000
__Hbank7                        bank7        000000
__Hbigbss                       bigbss       000000
__Hbigdata                      bigdata      000000
__Hbigram                       bigram       000000
__HbitbssCOMRAM                 bitbssCOMRAM 000000
__Hbss                          bss          000000
__HbssCOMRAM                    bssCOMRAM    000000
__Hcinit                        cinit        000000
__Hclrtext                      clrtext      000000
__Hcomram                       comram       000000
__Hconfig                       config       30000E
__Hconst                        const        000000
__HcstackCOMRAM                 cstackCOMRAM 000000
__Hdata                         data         000000
__HdataCOMRAM                   dataCOMRAM   000000
__Heeprom_data                  eeprom_data  000000
__Hend_init                     end_init     00001A
__Hfarbss                       farbss       000000
__Hfardata                      fardata      000000
__Hibigdata                     ibigdata     000000
__Hidata                        idata        000000
__HidataCOMRAM                  idataCOMRAM  000000
__Hidloc                        idloc        200008
__Hifardata                     ifardata     000000
__Hinit                         init         000016
__Hintcode                      intcode      000016
__Hintcode_body                 intcode_body 000000
__Hintcodelo                    intcodelo    000016
__Hintentry                     intentry     000000
__Hintret                       intret       000000
__Hintsave_regs                 intsave_regs 000000
__Hirdata                       irdata       000000
__Hmediumconst                  mediumconst  000000
__HnvCOMRAM                     nvCOMRAM     000000
__HnvFARRAM                     nvFARRAM     000000
__Hnvbit                        nvbit        000000
__Hnvrram                       nvrram       000000
__Hparam                        rparam       000000
__Hpowerup                      powerup      000016
__Hram                          ram          000000
__Hramtop                       ramtop       000800
__Hrbit                         rbit         000000
__Hrbss                         rbss         000000
__Hrdata                        rdata        000000
__Hreset_vec                    reset_vec    000004
__Hrparam                       rparam       000000
__Hsfr                          sfr          000000
__Hsmallconst                   smallconst   000000
__Hspace_0                      (abs)        30000E
__Hspace_1                      (abs)        000215
__Hspace_2                      (abs)        000000
__Hstack                        stack        000000
__Hstruct                       struct       000000
__Htemp                         temp         00004A
__Htext                         text         000000
__Htext0                        text0        000000
__Htext1                        text1        000000
__Htext10                       text10       000000
__Htext11                       text11       000000
__Htext12                       text12       000000
__Htext13                       text13       000000
__Htext14                       text14       000000
__Htext15                       text15       000000
__Htext16                       text16       000000
__Htext17                       text17       000000
__Htext2                        text2        000000
__Htext3                        text3        000000
__Htext4                        text4        000000
__Htext5                        text5        000000
__Htext6                        text6        000000
__Htext7                        text7        000000
__Htext8                        text8        000000
__Htext9                        text9        000000
__LRAM                          (abs)        000001
__Labs1                         abs1         000000
__Lbank0                        bank0        000000
__Lbank1                        bank1        000000
__Lbank2                        bank2        000000
__Lbank3                        bank3        000000
__Lbank4                        bank4        000000
__Lbank5                        bank5        000000
__Lbank6                        bank6        000000
__Lbank7                        bank7        000000
__Lbigbss                       bigbss       000000
__Lbigdata                      bigdata      000000
__Lbigram                       bigram       000000
__LbitbssCOMRAM                 bitbssCOMRAM 000000
__Lbss                          bss          000000
__LbssCOMRAM                    bssCOMRAM    000000
__Lcinit                        cinit        000000
__Lclrtext                      clrtext      000000
__Lcomram                       comram       000000
__Lconfig                       config       300000
__Lconst                        const        000000
__LcstackCOMRAM                 cstackCOMRAM 000000
__Ldata                         data         000000
__LdataCOMRAM                   dataCOMRAM   000000
__Leeprom_data                  eeprom_data  000000
__Lend_init                     end_init     000016
__Lfarbss                       farbss       000000
__Lfardata                      fardata      000000
__Libigdata                     ibigdata     000000
__Lidata                        idata        000000
__LidataCOMRAM                  idataCOMRAM  000000
__Lidloc                        idloc        200000
__Lifardata                     ifardata     000000
__Linit                         init         000016
__Lintcode                      intcode      000008
__Lintcode_body                 intcode_body 000000
__Lintcodelo                    intcodelo    000016
__Lintentry                     intentry     000000
__Lintret                       intret       000000
__Lintsave_regs                 intsave_regs 000000
__Lirdata                       irdata       000000
__Lmediumconst                  mediumconst  000000
__LnvCOMRAM                     nvCOMRAM     000000
__LnvFARRAM                     nvFARRAM     000000
__Lnvbit                        nvbit        000000
__Lnvrram                       nvrram       000000
__Lparam                        rparam       000000
__Lpowerup                      powerup      000016
__Lram                          ram          000000
__Lramtop                       ramtop       000800
__Lrbit                         rbit         000000
__Lrbss                         rbss         000000
__Lrdata                        rdata        000000
__Lreset_vec                    reset_vec    000000
__Lrparam                       rparam       000000
__Lsfr                          sfr          000000
__Lsmallconst                   smallconst   000000
__Lspace_0                      (abs)        000000
__Lspace_1                      (abs)        000000
__Lspace_2                      (abs)        000000
__Lstack                        stack        000000
__Lstruct                       struct       000000
__Ltemp                         temp         000049
__Ltext                         text         000000
__Ltext0                        text0        000000
__Ltext1                        text1        000000
__Ltext10                       text10       000000
__Ltext11                       text11       000000
__Ltext12                       text12       000000
__Ltext13                       text13       000000
__Ltext14                       text14       000000
__Ltext15                       text15       000000
__Ltext16                       text16       000000
__Ltext17                       text17       000000
__Ltext2                        text2        000000
__Ltext3                        text3        000000
__Ltext4                        text4        000000
__Ltext5                        text5        000000
__Ltext6                        text6        000000
__Ltext7                        text7        000000
__Ltext8                        text8        000000
__Ltext9                        text9        000000
__S0                            (abs)        30000E
__S1                            (abs)        00004A
__S2                            (abs)        000000
___ftdiv                        text9        00010E
___ftdiv@cntr                   cstackCOMRAM 000024
___ftdiv@exp                    cstackCOMRAM 000028
___ftdiv@f1                     cstackCOMRAM 00001B
___ftdiv@f2                     cstackCOMRAM 00001E
___ftdiv@f3                     cstackCOMRAM 000025
___ftdiv@sign                   cstackCOMRAM 000029
___ftpack                       text10       0002C6
___ftpack@arg                   cstackCOMRAM 000010
___ftpack@exp                   cstackCOMRAM 000013
___ftpack@sign                  cstackCOMRAM 000014
___fttol                        text8        00001A
___fttol@exp1                   cstackCOMRAM 000038
___fttol@f1                     cstackCOMRAM 00002A
___fttol@lval                   cstackCOMRAM 000034
___fttol@sign1                  cstackCOMRAM 000033
___inthi_sp                     stack        000000
___intlo_sp                     stack        000000
___lwtoft                       text7        0004EA
___lwtoft@c                     cstackCOMRAM 000018
___param_bank                   (abs)        000010
___rparam_used                  (abs)        000001
___sp                           stack        000000
__accesstop                     (abs)        000060
__activetblptr                  (abs)        000000
__end_of_I2C_Idle               text5        000590
__end_of_I2C_Start              text4        0005CE
__end_of_I2C_Stop               text3        0005C4
__end_of_I2C_Write_Byte         text2        0005A0
__end_of_InitI2C_Master         text17       000530
__end_of___ftdiv                text9        0001F4
__end_of___ftpack               text10       000374
__end_of___fttol                text8        00010E
__end_of___lwtoft               text7        00050E
__end_of__initialization        cinit        0004E0
__end_of_configPinsOV7670       text16       00054C
__end_of_configPortBInterrupt   text15       0005D8
__end_of_configRS232            text14       00057E
__end_of_configTimer            text13       000566
__end_of_configUSARTInterrupts  text12       0005AE
__end_of_interruptions          intcode_body 0002C6
__end_of_main                   text0        000404
__end_of_putch                  text11       0005BA
__end_of_setMaxContCycle        text6        0004B2
__end_of_writeOV7670_I2c        text1        000470
__initialization                cinit        0004B2
__mediumconst                   mediumconst  000000
__pbitbssCOMRAM                 bitbssCOMRAM 000210
__pbssCOMRAM                    bssCOMRAM    00003C
__pcinit                        cinit        0004B2
__pcstackCOMRAM                 cstackCOMRAM 000001
__pdataCOMRAM                   dataCOMRAM   000043
__pidataCOMRAM                  idataCOMRAM  0005D8
__pintcode                      intcode      000008
__pintcode_body                 intcode_body 0001F4
__pnvCOMRAM                     nvCOMRAM     000047
__ptext0                        text0        000374
__ptext1                        text1        000404
__ptext10                       text10       0002C6
__ptext11                       text11       0005AE
__ptext12                       text12       0005A0
__ptext13                       text13       00054C
__ptext14                       text14       000566
__ptext15                       text15       0005CE
__ptext16                       text16       000530
__ptext17                       text17       00050E
__ptext2                        text2        000590
__ptext3                        text3        0005BA
__ptext4                        text4        0005C4
__ptext5                        text5        00057E
__ptext6                        text6        000470
__ptext7                        text7        0004EA
__ptext8                        text8        00001A
__ptext9                        text9        00010E
__ramtop                        ramtop       000800
__size_of_I2C_Idle              (abs)        000000
__size_of_I2C_Start             (abs)        000000
__size_of_I2C_Stop              (abs)        000000
__size_of_I2C_Write_Byte        (abs)        000000
__size_of_InitI2C_Master        (abs)        000000
__size_of___ftdiv               (abs)        000000
__size_of___ftpack              (abs)        000000
__size_of___fttol               (abs)        000000
__size_of___lwtoft              (abs)        000000
__size_of_configPinsOV7670      (abs)        000000
__size_of_configPortBInterrupt  (abs)        000000
__size_of_configRS232           (abs)        000000
__size_of_configTimer           (abs)        000000
__size_of_configUSARTInterrupts (abs)        000000
__size_of_interruptions         (abs)        000000
__size_of_main                  (abs)        000000
__size_of_putch                 (abs)        000000
__size_of_setMaxContCycle       (abs)        000000
__size_of_writeOV7670_I2c       (abs)        000000
__smallconst                    smallconst   000000
_changingLed1                   bitbssCOMRAM 000210
_changingLed_VSYNC              bitbssCOMRAM 000211
_comprimento                    bssCOMRAM    00003E
_configPinsOV7670               text16       000530
_configPortBInterrupt           text15       0005CE
_configRS232                    text14       000566
_configTimer                    text13       00054C
_configUSARTInterrupts          text12       0005A0
_data                           bssCOMRAM    00003F
_finish                         bitbssCOMRAM 000212
_hasAnError                     bitbssCOMRAM 000213
_interruptions                  intcode      000008
_largura                        bssCOMRAM    000040
_leitura                        bssCOMRAM    000041
_main                           text0        000374
_maxContCycle                   nvCOMRAM     000047
_putch                          text11       0005AE
_receivedData                   dataCOMRAM   000046
_requisitar_foto                bitbssCOMRAM 000214
_setMaxContCycle                text6        000470
_val                            bssCOMRAM    00003C
_writeOV7670_I2c                text1        000404
btemp                           temp         000049
end_of_initialization           cinit        0004E0
int$flags                       temp         000049
int_func                        intcode_body 0001F4
intlevel0                       text         000000
intlevel1                       text         000000
intlevel2                       text         000000
intlevel3                       text         000000
putch@byte                      cstackCOMRAM 000010
setMaxContCycle@secondsInACycle cstackCOMRAM 000039
stackhi                         (abs)        0007FF
stacklo                         (abs)        000060
start                           init         000016
start_initialization            cinit        0004B2


FUNCTION INFORMATION:

 *************** function _main *****************
 Defined at:
		line 135 in file "main.c"
 Parameters:    Size  Location     Type
		None
 Auto vars:     Size  Location     Type
		None
 Return value:  Size  Location     Type
		None               void
 Registers used:
		wreg, status,2, status,0, cstack
 Tracked objects:
		On entry : 
		On exit  : 
		Unchanged: 
 Data sizes:     COMRAM   BANK0   BANK1   BANK2   BANK3   BANK4   BANK5   BANK6   BANK7
      Params:         0       0       0       0       0       0       0       0       0
      Locals:         0       0       0       0       0       0       0       0       0
      Temps:          1       0       0       0       0       0       0       0       0
      Totals:         1       0       0       0       0       0       0       0       0
Total ram usage:        1 bytes
 Hardware stack levels required when called:    4
 This function calls:
		_InitI2C_Master
		_configPinsOV7670
		_configPortBInterrupt
		_configRS232
		_configTimer
		_configUSARTInterrupts
		_putch
		_setMaxContCycle
		_writeOV7670_I2c
 This function is called by:
		Startup code after reset
 This function uses a non-reentrant model


 *************** function _writeOV7670_I2c *****************
 Defined at:
		line 87 in file "main.c"
 Parameters:    Size  Location     Type
		None
 Auto vars:     Size  Location     Type
		None
 Return value:  Size  Location     Type
		None               void
 Registers used:
		wreg, status,2, status,0, cstack
 Tracked objects:
		On entry : 
		On exit  : 
		Unchanged: 
 Data sizes:     COMRAM   BANK0   BANK1   BANK2   BANK3   BANK4   BANK5   BANK6   BANK7
      Params:         0       0       0       0       0       0       0       0       0
      Locals:         0       0       0       0       0       0       0       0       0
      Temps:          0       0       0       0       0       0       0       0       0
      Totals:         0       0       0       0       0       0       0       0       0
Total ram usage:        0 bytes
 Hardware stack levels used:    1
 Hardware stack levels required when called:    2
 This function calls:
		_I2C_Idle
		_I2C_Start
		_I2C_Stop
		_I2C_Write_Byte
 This function is called by:
		_main
 This function uses a non-reentrant model


 *************** function _I2C_Write_Byte *****************
 Defined at:
		line 82 in file "i2c.c"
 Parameters:    Size  Location     Type
  Byte            1    wreg     unsigned char 
 Auto vars:     Size  Location     Type
  Byte            1   15[COMRAM] unsigned char 
 Return value:  Size  Location     Type
		None               void
 Registers used:
		wreg
 Tracked objects:
		On entry : 
		On exit  : 
		Unchanged: 
 Data sizes:     COMRAM   BANK0   BANK1   BANK2   BANK3   BANK4   BANK5   BANK6   BANK7
      Params:         0       0       0       0       0       0       0       0       0
      Locals:         1       0       0       0       0       0       0       0       0
      Temps:          0       0       0       0       0       0       0       0       0
      Totals:         1       0       0       0       0       0       0       0       0
Total ram usage:        1 bytes
 Hardware stack levels used:    1
 Hardware stack levels required when called:    1
 This function calls:
		Nothing
 This function is called by:
		_writeOV7670_I2c
 This function uses a non-reentrant model


 *************** function _I2C_Stop *****************
 Defined at:
		line 62 in file "i2c.c"
 Parameters:    Size  Location     Type
		None
 Auto vars:     Size  Location     Type
		None
 Return value:  Size  Location     Type
		None               void
 Registers used:
		None
 Tracked objects:
		On entry : 
		On exit  : 
		Unchanged: 
 Data sizes:     COMRAM   BANK0   BANK1   BANK2   BANK3   BANK4   BANK5   BANK6   BANK7
      Params:         0       0       0       0       0       0       0       0       0
      Locals:         0       0       0       0       0       0       0       0       0
      Temps:          0       0       0       0       0       0       0       0       0
      Totals:         0       0       0       0       0       0       0       0       0
Total ram usage:        0 bytes
 Hardware stack levels used:    1
 Hardware stack levels required when called:    1
 This function calls:
		Nothing
 This function is called by:
		_writeOV7670_I2c
 This function uses a non-reentrant model


 *************** function _I2C_Start *****************
 Defined at:
		line 48 in file "i2c.c"
 Parameters:    Size  Location     Type
		None
 Auto vars:     Size  Location     Type
		None
 Return value:  Size  Location     Type
		None               void
 Registers used:
		None
 Tracked objects:
		On entry : 
		On exit  : 
		Unchanged: 
 Data sizes:     COMRAM   BANK0   BANK1   BANK2   BANK3   BANK4   BANK5   BANK6   BANK7
      Params:         0       0       0       0       0       0       0       0       0
      Locals:         0       0       0       0       0       0       0       0       0
      Temps:          0       0       0       0       0       0       0       0       0
      Totals:         0       0       0       0       0       0       0       0       0
Total ram usage:        0 bytes
 Hardware stack levels used:    1
 Hardware stack levels required when called:    1
 This function calls:
		Nothing
 This function is called by:
		_writeOV7670_I2c
 This function uses a non-reentrant model


 *************** function _I2C_Idle *****************
 Defined at:
		line 99 in file "i2c.c"
 Parameters:    Size  Location     Type
		None
 Auto vars:     Size  Location     Type
		None
 Return value:  Size  Location     Type
		None               void
 Registers used:
		wreg, status,2, status,0
 Tracked objects:
		On entry : 
		On exit  : 
		Unchanged: 
 Data sizes:     COMRAM   BANK0   BANK1   BANK2   BANK3   BANK4   BANK5   BANK6   BANK7
      Params:         0       0       0       0       0       0       0       0       0
      Locals:         0       0       0       0       0       0       0       0       0
      Temps:          1       0       0       0       0       0       0       0       0
      Totals:         1       0       0       0       0       0       0       0       0
Total ram usage:        1 bytes
 Hardware stack levels used:    1
 Hardware stack levels required when called:    1
 This function calls:
		Nothing
 This function is called by:
		_writeOV7670_I2c
 This function uses a non-reentrant model


 *************** function _setMaxContCycle *****************
 Defined at:
		line 83 in file "main.c"
 Parameters:    Size  Location     Type
  secondsInACy    2   56[COMRAM] unsigned short 
 Auto vars:     Size  Location     Type
		None
 Return value:  Size  Location     Type
		None               void
 Registers used:
		wreg, status,2, status,0, cstack
 Tracked objects:
		On entry : 
		On exit  : 
		Unchanged: 
 Data sizes:     COMRAM   BANK0   BANK1   BANK2   BANK3   BANK4   BANK5   BANK6   BANK7
      Params:         2       0       0       0       0       0       0       0       0
      Locals:         0       0       0       0       0       0       0       0       0
      Temps:          0       0       0       0       0       0       0       0       0
      Totals:         2       0       0       0       0       0       0       0       0
Total ram usage:        2 bytes
 Hardware stack levels used:    1
 Hardware stack levels required when called:    3
 This function calls:
		___ftdiv
		___fttol
		___lwtoft
 This function is called by:
		_main
 This function uses a non-reentrant model


 *************** function ___lwtoft *****************
 Defined at:
		line 28 in file "C:\Program Files (x86)\Microchip\xc8\v1.35\sources\common\lwtoft.c"
 Parameters:    Size  Location     Type
  c               2   23[COMRAM] unsigned int 
 Auto vars:     Size  Location     Type
		None
 Return value:  Size  Location     Type
                  3   23[COMRAM] float 
 Registers used:
		wreg, status,2, status,0, cstack
 Tracked objects:
		On entry : 
		On exit  : 
		Unchanged: 
 Data sizes:     COMRAM   BANK0   BANK1   BANK2   BANK3   BANK4   BANK5   BANK6   BANK7
      Params:         3       0       0       0       0       0       0       0       0
      Locals:         0       0       0       0       0       0       0       0       0
      Temps:          0       0       0       0       0       0       0       0       0
      Totals:         3       0       0       0       0       0       0       0       0
Total ram usage:        3 bytes
 Hardware stack levels used:    1
 Hardware stack levels required when called:    2
 This function calls:
		___ftpack
 This function is called by:
		_setMaxContCycle
 This function uses a non-reentrant model


 *************** function ___fttol *****************
 Defined at:
		line 44 in file "C:\Program Files (x86)\Microchip\xc8\v1.35\sources\common\fttol.c"
 Parameters:    Size  Location     Type
  f1              3   41[COMRAM] float 
 Auto vars:     Size  Location     Type
  lval            4   51[COMRAM] unsigned long 
  exp1            1   55[COMRAM] unsigned char 
  sign1           1   50[COMRAM] unsigned char 
 Return value:  Size  Location     Type
                  4   41[COMRAM] long 
 Registers used:
		wreg, status,2, status,0
 Tracked objects:
		On entry : 
		On exit  : 
		Unchanged: 
 Data sizes:     COMRAM   BANK0   BANK1   BANK2   BANK3   BANK4   BANK5   BANK6   BANK7
      Params:         4       0       0       0       0       0       0       0       0
      Locals:         6       0       0       0       0       0       0       0       0
      Temps:          5       0       0       0       0       0       0       0       0
      Totals:        15       0       0       0       0       0       0       0       0
Total ram usage:       15 bytes
 Hardware stack levels used:    1
 Hardware stack levels required when called:    1
 This function calls:
		Nothing
 This function is called by:
		_setMaxContCycle
 This function uses a non-reentrant model


 *************** function ___ftdiv *****************
 Defined at:
		line 54 in file "C:\Program Files (x86)\Microchip\xc8\v1.35\sources\common\ftdiv.c"
 Parameters:    Size  Location     Type
  f1              3   26[COMRAM] float 
  f2              3   29[COMRAM] float 
 Auto vars:     Size  Location     Type
  f3              3   36[COMRAM] float 
  sign            1   40[COMRAM] unsigned char 
  exp             1   39[COMRAM] unsigned char 
  cntr            1   35[COMRAM] unsigned char 
 Return value:  Size  Location     Type
                  3   26[COMRAM] float 
 Registers used:
		wreg, status,2, status,0, cstack
 Tracked objects:
		On entry : 
		On exit  : 
		Unchanged: 
 Data sizes:     COMRAM   BANK0   BANK1   BANK2   BANK3   BANK4   BANK5   BANK6   BANK7
      Params:         6       0       0       0       0       0       0       0       0
      Locals:         6       0       0       0       0       0       0       0       0
      Temps:          3       0       0       0       0       0       0       0       0
      Totals:        15       0       0       0       0       0       0       0       0
Total ram usage:       15 bytes
 Hardware stack levels used:    1
 Hardware stack levels required when called:    2
 This function calls:
		___ftpack
 This function is called by:
		_setMaxContCycle
 This function uses a non-reentrant model


 *************** function ___ftpack *****************
 Defined at:
		line 62 in file "C:\Program Files (x86)\Microchip\xc8\v1.35\sources\common\float.c"
 Parameters:    Size  Location     Type
  arg             3   15[COMRAM] unsigned um
  exp             1   18[COMRAM] unsigned char 
  sign            1   19[COMRAM] unsigned char 
 Auto vars:     Size  Location     Type
		None
 Return value:  Size  Location     Type
                  3   15[COMRAM] float 
 Registers used:
		wreg, status,2, status,0
 Tracked objects:
		On entry : 
		On exit  : 
		Unchanged: 
 Data sizes:     COMRAM   BANK0   BANK1   BANK2   BANK3   BANK4   BANK5   BANK6   BANK7
      Params:         5       0       0       0       0       0       0       0       0
      Locals:         0       0       0       0       0       0       0       0       0
      Temps:          3       0       0       0       0       0       0       0       0
      Totals:         8       0       0       0       0       0       0       0       0
Total ram usage:        8 bytes
 Hardware stack levels used:    1
 Hardware stack levels required when called:    1
 This function calls:
		Nothing
 This function is called by:
		___ftdiv
		___lwtoft
 This function uses a non-reentrant model


 *************** function _putch *****************
 Defined at:
		line 46 in file "usart.c"
 Parameters:    Size  Location     Type
  byte            1    wreg     unsigned char 
 Auto vars:     Size  Location     Type
  byte            1   15[COMRAM] unsigned char 
 Return value:  Size  Location     Type
		None               void
 Registers used:
		wreg
 Tracked objects:
		On entry : 
		On exit  : 
		Unchanged: 
 Data sizes:     COMRAM   BANK0   BANK1   BANK2   BANK3   BANK4   BANK5   BANK6   BANK7
      Params:         0       0       0       0       0       0       0       0       0
      Locals:         1       0       0       0       0       0       0       0       0
      Temps:          0       0       0       0       0       0       0       0       0
      Totals:         1       0       0       0       0       0       0       0       0
Total ram usage:        1 bytes
 Hardware stack levels used:    1
 Hardware stack levels required when called:    1
 This function calls:
		Nothing
 This function is called by:
		_main
		_getche
 This function uses a non-reentrant model


 *************** function _configUSARTInterrupts *****************
 Defined at:
		line 32 in file "usart.c"
 Parameters:    Size  Location     Type
		None
 Auto vars:     Size  Location     Type
		None
 Return value:  Size  Location     Type
		None               void
 Registers used:
		None
 Tracked objects:
		On entry : 
		On exit  : 
		Unchanged: 
 Data sizes:     COMRAM   BANK0   BANK1   BANK2   BANK3   BANK4   BANK5   BANK6   BANK7
      Params:         0       0       0       0       0       0       0       0       0
      Locals:         0       0       0       0       0       0       0       0       0
      Temps:          0       0       0       0       0       0       0       0       0
      Totals:         0       0       0       0       0       0       0       0       0
Total ram usage:        0 bytes
 Hardware stack levels used:    1
 Hardware stack levels required when called:    1
 This function calls:
		Nothing
 This function is called by:
		_main
 This function uses a non-reentrant model


 *************** function _configTimer *****************
 Defined at:
		line 19 in file "timer0.c"
 Parameters:    Size  Location     Type
		None
 Auto vars:     Size  Location     Type
		None
 Return value:  Size  Location     Type
		None               void
 Registers used:
		None
 Tracked objects:
		On entry : 
		On exit  : 
		Unchanged: 
 Data sizes:     COMRAM   BANK0   BANK1   BANK2   BANK3   BANK4   BANK5   BANK6   BANK7
      Params:         0       0       0       0       0       0       0       0       0
      Locals:         0       0       0       0       0       0       0       0       0
      Temps:          0       0       0       0       0       0       0       0       0
      Totals:         0       0       0       0       0       0       0       0       0
Total ram usage:        0 bytes
 Hardware stack levels used:    1
 Hardware stack levels required when called:    1
 This function calls:
		Nothing
 This function is called by:
		_main
 This function uses a non-reentrant model


 *************** function _configRS232 *****************
 Defined at:
		line 9 in file "usart.c"
 Parameters:    Size  Location     Type
		None
 Auto vars:     Size  Location     Type
		None
 Return value:  Size  Location     Type
		None               void
 Registers used:
		wreg, status,2
 Tracked objects:
		On entry : 
		On exit  : 
		Unchanged: 
 Data sizes:     COMRAM   BANK0   BANK1   BANK2   BANK3   BANK4   BANK5   BANK6   BANK7
      Params:         0       0       0       0       0       0       0       0       0
      Locals:         0       0       0       0       0       0       0       0       0
      Temps:          0       0       0       0       0       0       0       0       0
      Totals:         0       0       0       0       0       0       0       0       0
Total ram usage:        0 bytes
 Hardware stack levels used:    1
 Hardware stack levels required when called:    1
 This function calls:
		Nothing
 This function is called by:
		_main
 This function uses a non-reentrant model


 *************** function _configPortBInterrupt *****************
 Defined at:
		line 115 in file "main.c"
 Parameters:    Size  Location     Type
		None
 Auto vars:     Size  Location     Type
		None
 Return value:  Size  Location     Type
		None               void
 Registers used:
		None
 Tracked objects:
		On entry : 
		On exit  : 
		Unchanged: 
 Data sizes:     COMRAM   BANK0   BANK1   BANK2   BANK3   BANK4   BANK5   BANK6   BANK7
      Params:         0       0       0       0       0       0       0       0       0
      Locals:         0       0       0       0       0       0       0       0       0
      Temps:          0       0       0       0       0       0       0       0       0
      Totals:         0       0       0       0       0       0       0       0       0
Total ram usage:        0 bytes
 Hardware stack levels used:    1
 Hardware stack levels required when called:    1
 This function calls:
		Nothing
 This function is called by:
		_main
 This function uses a non-reentrant model


 *************** function _configPinsOV7670 *****************
 Defined at:
		line 122 in file "main.c"
 Parameters:    Size  Location     Type
		None
 Auto vars:     Size  Location     Type
		None
 Return value:  Size  Location     Type
		None               void
 Registers used:
		wreg
 Tracked objects:
		On entry : 
		On exit  : 
		Unchanged: 
 Data sizes:     COMRAM   BANK0   BANK1   BANK2   BANK3   BANK4   BANK5   BANK6   BANK7
      Params:         0       0       0       0       0       0       0       0       0
      Locals:         0       0       0       0       0       0       0       0       0
      Temps:          0       0       0       0       0       0       0       0       0
      Totals:         0       0       0       0       0       0       0       0       0
Total ram usage:        0 bytes
 Hardware stack levels used:    1
 Hardware stack levels required when called:    1
 This function calls:
		Nothing
 This function is called by:
		_main
 This function uses a non-reentrant model


 *************** function _InitI2C_Master *****************
 Defined at:
		line 4 in file "i2c.c"
 Parameters:    Size  Location     Type
		None
 Auto vars:     Size  Location     Type
		None
 Return value:  Size  Location     Type
		None               void
 Registers used:
		wreg, status,2
 Tracked objects:
		On entry : 
		On exit  : 
		Unchanged: 
 Data sizes:     COMRAM   BANK0   BANK1   BANK2   BANK3   BANK4   BANK5   BANK6   BANK7
      Params:         0       0       0       0       0       0       0       0       0
      Locals:         0       0       0       0       0       0       0       0       0
      Temps:          0       0       0       0       0       0       0       0       0
      Totals:         0       0       0       0       0       0       0       0       0
Total ram usage:        0 bytes
 Hardware stack levels used:    1
 Hardware stack levels required when called:    1
 This function calls:
		Nothing
 This function is called by:
		_main
 This function uses a non-reentrant model


 *************** function _interruptions *****************
 Defined at:
		line 39 in file "main.c"
 Parameters:    Size  Location     Type
		None
 Auto vars:     Size  Location     Type
		None
 Return value:  Size  Location     Type
		None               void
 Registers used:
		wreg, status,2, status,0
 Tracked objects:
		On entry : 
		On exit  : 
		Unchanged: 
 Data sizes:     COMRAM   BANK0   BANK1   BANK2   BANK3   BANK4   BANK5   BANK6   BANK7
      Params:         0       0       0       0       0       0       0       0       0
      Locals:         0       0       0       0       0       0       0       0       0
      Temps:         15       0       0       0       0       0       0       0       0
      Totals:        15       0       0       0       0       0       0       0       0
Total ram usage:       15 bytes
 Hardware stack levels used:    1
 This function calls:
		Nothing
 This function is called by:
		Interrupt level 2
 This function uses a non-reentrant model



MODULE INFORMATION

Module		Function		Class		Link	Load	Size
usart.c
		_putch         		CODE           	05AE	0000	13
		_configUSARTInterrupts		CODE           	05A0	0000	15
		_configRS232   		CODE           	0566	0000	25

usart.c estimated size: 53

i2c.c
		_I2C_Idle      		CODE           	057E	0000	19
		_I2C_Stop      		CODE           	05BA	0000	11
		_I2C_Write_Byte		CODE           	0590	0000	17
		_InitI2C_Master		CODE           	050E	0000	35
		_I2C_Start     		CODE           	05C4	0000	11

i2c.c estimated size: 93

C:\Program Files (x86)\Microchip\xc8\v1.35\sources\common\lwtoft.c
		___lwtoft      		CODE           	04EA	0000	37

C:\Program Files (x86)\Microchip\xc8\v1.35\sources\common\lwtoft.c estimated size: 37

C:\Program Files (x86)\Microchip\xc8\v1.35\sources\common\float.c
		___ftpack      		CODE           	02C6	0000	175

C:\Program Files (x86)\Microchip\xc8\v1.35\sources\common\float.c estimated size: 175

timer0.c
		_configTimer   		CODE           	054C	0000	27

timer0.c estimated size: 27

shared
		__initialization		CODE           	04B2	0000	47

shared estimated size: 47

C:\Program Files (x86)\Microchip\xc8\v1.35\sources\common\ftdiv.c
		___ftdiv       		CODE           	010E	0000	231

C:\Program Files (x86)\Microchip\xc8\v1.35\sources\common\ftdiv.c estimated size: 231

main.c
		_configPinsOV7670		CODE           	0530	0000	29
		_configPortBInterrupt		CODE           	05CE	0000	11
		_main          		CODE           	0374	0000	145
		_writeOV7670_I2c		CODE           	0404	0000	109
		_setMaxContCycle		CODE           	0470	0000	67
		_interruptions 		CODE           	0008	0000	225

main.c estimated size: 586

C:\Program Files (x86)\Microchip\xc8\v1.35\sources\common\fttol.c
		___fttol       		CODE           	001A	0000	245

C:\Program Files (x86)\Microchip\xc8\v1.35\sources\common\fttol.c estimated size: 245

